\BOOKMARK [1][-]{Doc-Start}{\376\377\000R\000e\000s\000u\000m\000e\000n\000\040\000e\000j\000e\000c\000u\000t\000i\000v\000o}{}% 1
\BOOKMARK [1][-]{section.1}{\376\377\000J\000u\000s\000t\000i\000f\000i\000c\000a\000c\000i\000\363\000n}{}% 2
\BOOKMARK [2][-]{subsection.1.1}{\376\377\000P\000r\000o\000b\000l\000e\000m\000a\000\040\000y\000\040\000n\000e\000c\000e\000s\000i\000d\000a\000d\000\040\000i\000d\000e\000n\000t\000i\000f\000i\000c\000a\000d\000a}{section.1}% 3
\BOOKMARK [2][-]{subsection.1.2}{\376\377\000O\000p\000o\000r\000t\000u\000n\000i\000d\000a\000d\000\040\000d\000e\000t\000e\000c\000t\000a\000d\000a}{section.1}% 4
\BOOKMARK [2][-]{subsection.1.3}{\376\377\000C\000o\000n\000t\000e\000x\000t\000o\000\040\000s\000o\000c\000i\000a\000l\000,\000\040\000e\000c\000o\000n\000\363\000m\000i\000c\000o\000,\000\040\000t\000e\000c\000n\000o\000l\000\363\000g\000i\000c\000o\000\040\000y\000\040\000a\000m\000b\000i\000e\000n\000t\000a\000l}{section.1}% 5
\BOOKMARK [2][-]{subsection.1.4}{\376\377\000P\000e\000r\000t\000i\000n\000e\000n\000c\000i\000a\000\040\000d\000e\000l\000\040\000m\000o\000d\000e\000l\000o\000\040\000d\000e\000\040\000s\000u\000s\000c\000r\000i\000p\000c\000i\000\363\000n}{section.1}% 6
\BOOKMARK [1][-]{section.2}{\376\377\000O\000b\000j\000e\000t\000i\000v\000o\000s\000\040\000d\000e\000l\000\040\000m\000o\000d\000e\000l\000o\000\040\000d\000e\000\040\000n\000e\000g\000o\000c\000i\000o}{}% 7
\BOOKMARK [2][-]{subsection.2.1}{\376\377\000O\000b\000j\000e\000t\000i\000v\000o\000\040\000g\000e\000n\000e\000r\000a\000l}{section.2}% 8
\BOOKMARK [2][-]{subsection.2.2}{\376\377\000O\000b\000j\000e\000t\000i\000v\000o\000s\000\040\000e\000s\000p\000e\000c\000\355\000f\000i\000c\000o\000s}{section.2}% 9
\BOOKMARK [1][-]{section.3}{\376\377\000I\000d\000e\000a\000\040\000d\000e\000\040\000n\000e\000g\000o\000c\000i\000o}{}% 10
\BOOKMARK [2][-]{subsection.3.1}{\376\377\000S\000e\000r\000v\000i\000c\000i\000o\000\040\000o\000f\000r\000e\000c\000i\000d\000o}{section.3}% 11
\BOOKMARK [2][-]{subsection.3.2}{\376\377\000C\000l\000i\000e\000n\000t\000e\000\040\000y\000\040\000p\000e\000r\000s\000o\000n\000a\000s\000\040\000u\000s\000u\000a\000r\000i\000a\000s}{section.3}% 12
\BOOKMARK [2][-]{subsection.3.3}{\376\377\000F\000o\000r\000m\000a\000\040\000d\000e\000\040\000c\000o\000m\000e\000r\000c\000i\000a\000l\000i\000z\000a\000c\000i\000\363\000n}{section.3}% 13
\BOOKMARK [2][-]{subsection.3.4}{\376\377\000N\000e\000c\000e\000s\000i\000d\000a\000d\000\040\000a\000t\000e\000n\000d\000i\000d\000a}{section.3}% 14
\BOOKMARK [2][-]{subsection.3.5}{\376\377\000I\000m\000p\000a\000c\000t\000o\000\040\000e\000s\000p\000e\000r\000a\000d\000o}{section.3}% 15
\BOOKMARK [1][-]{section.4}{\376\377\000M\000o\000d\000e\000l\000o\000\040\000d\000e\000\040\000n\000e\000g\000o\000c\000i\000o}{}% 16
\BOOKMARK [1][-]{section.5}{\376\377\000I\000n\000v\000e\000s\000t\000i\000g\000a\000c\000i\000\363\000n\000\040\000d\000e\000\040\000n\000e\000c\000e\000s\000i\000d\000a\000d\000e\000s\000\040\000y\000\040\000a\000n\000t\000e\000c\000e\000d\000e\000n\000t\000e\000s}{}% 17
\BOOKMARK [2][-]{subsection.5.1}{\376\377\000D\000i\000g\000i\000t\000a\000l\000i\000z\000a\000c\000i\000\363\000n\000\040\000d\000e\000\040\000p\000e\000q\000u\000e\000\361\000a\000s\000\040\000y\000\040\000m\000e\000d\000i\000a\000n\000a\000s\000\040\000e\000m\000p\000r\000e\000s\000a\000s}{section.5}% 18
\BOOKMARK [2][-]{subsection.5.2}{\376\377\000S\000i\000t\000u\000a\000c\000i\000\363\000n\000\040\000d\000e\000l\000\040\000m\000e\000r\000c\000a\000d\000o\000\040\000y\000\040\000l\000a\000\040\000i\000n\000d\000u\000s\000t\000r\000i\000a}{section.5}% 19
\BOOKMARK [2][-]{subsection.5.3}{\376\377\000O\000r\000i\000g\000e\000n\000\040\000d\000e\000\040\000l\000a\000\040\000p\000r\000o\000p\000u\000e\000s\000t\000a}{section.5}% 20
\BOOKMARK [2][-]{subsection.5.4}{\376\377\000A\000l\000t\000e\000r\000n\000a\000t\000i\000v\000a\000s\000\040\000a\000c\000t\000u\000a\000l\000e\000s\000\040\000y\000\040\000c\000o\000m\000p\000e\000t\000e\000n\000c\000i\000a}{section.5}% 21
\BOOKMARK [2][-]{subsection.5.5}{\376\377\000C\000r\000i\000t\000e\000r\000i\000o\000s\000\040\000d\000e\000\040\000d\000i\000s\000e\000\361\000o\000\040\000d\000e\000r\000i\000v\000a\000d\000o\000s}{section.5}% 22
\BOOKMARK [1][-]{section.6}{\376\377\000D\000e\000s\000a\000r\000r\000o\000l\000l\000o\000\040\000d\000e\000l\000\040\000m\000o\000d\000e\000l\000o\000\040\000C\000a\000n\000v\000a\000s}{}% 23
\BOOKMARK [2][-]{subsection.6.1}{\376\377\000S\000e\000g\000m\000e\000n\000t\000o\000s\000\040\000d\000e\000\040\000m\000e\000r\000c\000a\000d\000o}{section.6}% 24
\BOOKMARK [2][-]{subsection.6.2}{\376\377\000P\000r\000o\000p\000u\000e\000s\000t\000a\000\040\000d\000e\000\040\000v\000a\000l\000o\000r}{section.6}% 25
\BOOKMARK [2][-]{subsection.6.3}{\376\377\000C\000a\000n\000a\000l\000e\000s}{section.6}% 26
\BOOKMARK [2][-]{subsection.6.4}{\376\377\000E\000s\000t\000r\000a\000t\000e\000g\000i\000a\000\040\000d\000e\000\040\000m\000e\000r\000c\000a\000d\000e\000o\000\040\000y\000\040\000p\000o\000s\000i\000c\000i\000o\000n\000a\000m\000i\000e\000n\000t\000o}{section.6}% 27
\BOOKMARK [2][-]{subsection.6.5}{\376\377\000R\000e\000l\000a\000c\000i\000o\000n\000e\000s\000\040\000c\000o\000n\000\040\000c\000l\000i\000e\000n\000t\000e\000s}{section.6}% 28
\BOOKMARK [2][-]{subsection.6.6}{\376\377\000F\000u\000e\000n\000t\000e\000s\000\040\000d\000e\000\040\000i\000n\000g\000r\000e\000s\000o\000s}{section.6}% 29
\BOOKMARK [2][-]{subsection.6.7}{\376\377\000R\000e\000c\000u\000r\000s\000o\000s\000\040\000c\000l\000a\000v\000e}{section.6}% 30
\BOOKMARK [2][-]{subsection.6.8}{\376\377\000A\000c\000t\000i\000v\000i\000d\000a\000d\000e\000s\000\040\000c\000l\000a\000v\000e}{section.6}% 31
\BOOKMARK [2][-]{subsection.6.9}{\376\377\000A\000l\000i\000a\000n\000z\000a\000s\000\040\000c\000l\000a\000v\000e}{section.6}% 32
\BOOKMARK [2][-]{subsection.6.10}{\376\377\000E\000s\000t\000r\000u\000c\000t\000u\000r\000a\000\040\000d\000e\000\040\000c\000o\000s\000t\000o\000s}{section.6}% 33
\BOOKMARK [1][-]{section.7}{\376\377\000D\000e\000s\000a\000r\000r\000o\000l\000l\000o\000\040\000t\000e\000c\000n\000o\000l\000\363\000g\000i\000c\000o\000\040\000y\000\040\000e\000s\000t\000a\000d\000o\000\040\000d\000e\000l\000\040\000p\000r\000o\000t\000o\000t\000i\000p\000o}{}% 34
\BOOKMARK [2][-]{subsection.7.1}{\376\377\000A\000r\000q\000u\000i\000t\000e\000c\000t\000u\000r\000a\000\040\000i\000m\000p\000l\000e\000m\000e\000n\000t\000a\000d\000a}{section.7}% 35
\BOOKMARK [2][-]{subsection.7.2}{\376\377\000M\000\363\000d\000u\000l\000o\000s\000\040\000f\000u\000n\000c\000i\000o\000n\000a\000l\000e\000s}{section.7}% 36
\BOOKMARK [2][-]{subsection.7.3}{\376\377\000E\000v\000i\000d\000e\000n\000c\000i\000a\000\040\000d\000e\000\040\000f\000u\000n\000c\000i\000o\000n\000a\000m\000i\000e\000n\000t\000o}{section.7}% 37
\BOOKMARK [2][-]{subsection.7.4}{\376\377\000S\000e\000g\000u\000r\000i\000d\000a\000d\000\040\000y\000\040\000p\000r\000i\000v\000a\000c\000i\000d\000a\000d}{section.7}% 38
\BOOKMARK [2][-]{subsection.7.5}{\376\377\000P\000r\000e\000p\000a\000r\000a\000c\000i\000\363\000n\000\040\000p\000a\000r\000a\000\040\000e\000l\000\040\000p\000i\000l\000o\000t\000o\000\040\000c\000o\000m\000e\000r\000c\000i\000a\000l}{section.7}% 39
\BOOKMARK [1][-]{section.8}{\376\377\000V\000i\000a\000b\000i\000l\000i\000d\000a\000d\000\040\000c\000o\000m\000e\000r\000c\000i\000a\000l\000\040\000y\000\040\000e\000c\000o\000n\000\363\000m\000i\000c\000a}{}% 40
\BOOKMARK [2][-]{subsection.8.1}{\376\377\000C\000r\000i\000t\000e\000r\000i\000o\000s\000\040\000d\000e\000\040\000l\000a\000\040\000p\000r\000o\000y\000e\000c\000c\000i\000\363\000n}{section.8}% 41
\BOOKMARK [2][-]{subsection.8.2}{\376\377\000I\000n\000v\000e\000r\000s\000i\000\363\000n\000\040\000y\000\040\000f\000i\000n\000a\000n\000c\000i\000a\000m\000i\000e\000n\000t\000o}{section.8}% 42
\BOOKMARK [2][-]{subsection.8.3}{\376\377\000C\000o\000s\000t\000o\000\040\000m\000e\000n\000s\000u\000a\000l\000\040\000d\000e\000\040\000o\000p\000e\000r\000a\000c\000i\000\363\000n}{section.8}% 43
\BOOKMARK [2][-]{subsection.8.4}{\376\377\000P\000r\000e\000c\000i\000o\000s\000\040\000e\000\040\000i\000n\000g\000r\000e\000s\000o\000s}{section.8}% 44
\BOOKMARK [2][-]{subsection.8.5}{\376\377\000P\000u\000n\000t\000o\000\040\000d\000e\000\040\000e\000q\000u\000i\000l\000i\000b\000r\000i\000o\000\040\000y\000\040\000u\000t\000i\000l\000i\000d\000a\000d}{section.8}% 45
\BOOKMARK [2][-]{subsection.8.6}{\376\377\000F\000l\000u\000j\000o\000\040\000d\000e\000\040\000c\000a\000j\000a\000\040\000e\000x\000p\000l\000o\000r\000a\000t\000o\000r\000i\000o\000\040\000d\000e\000\040\000s\000e\000i\000s\000\040\000m\000e\000s\000e\000s}{section.8}% 46
\BOOKMARK [2][-]{subsection.8.7}{\376\377\000S\000o\000s\000t\000e\000n\000i\000b\000i\000l\000i\000d\000a\000d\000\040\000y\000\040\000c\000r\000e\000c\000i\000m\000i\000e\000n\000t\000o}{section.8}% 47
\BOOKMARK [2][-]{subsection.8.8}{\376\377\000R\000i\000e\000s\000g\000o\000s\000\040\000y\000\040\000m\000e\000d\000i\000d\000a\000s\000\040\000d\000e\000\040\000r\000e\000s\000p\000u\000e\000s\000t\000a}{section.8}% 48
\BOOKMARK [1][-]{section.9}{\376\377\000V\000a\000l\000i\000d\000a\000c\000i\000\363\000n\000\040\000c\000o\000m\000e\000r\000c\000i\000a\000l\000\040\000i\000n\000i\000c\000i\000a\000l\000\040\000y\000\040\000d\000i\000s\000e\000\361\000o\000\040\000d\000e\000l\000\040\000p\000i\000l\000o\000t\000o}{}% 49
\BOOKMARK [2][-]{subsection.9.1}{\376\377\000F\000i\000c\000h\000a\000\040\000t\000\351\000c\000n\000i\000c\000a\000\040\000d\000e\000\040\000l\000a\000\040\000e\000n\000c\000u\000e\000s\000t\000a}{section.9}% 50
\BOOKMARK [2][-]{subsection.9.2}{\376\377\000R\000e\000s\000u\000l\000t\000a\000d\000o\000s\000\040\000d\000e\000\040\000r\000e\000s\000p\000o\000n\000s\000a\000b\000l\000e\000s}{section.9}% 51
\BOOKMARK [2][-]{subsection.9.3}{\376\377\000R\000e\000s\000u\000l\000t\000a\000d\000o\000s\000\040\000d\000e\000\040\000m\000i\000e\000m\000b\000r\000o\000s}{section.9}% 52
\BOOKMARK [2][-]{subsection.9.4}{\376\377\000A\000l\000c\000a\000n\000c\000e\000\040\000d\000e\000\040\000l\000o\000s\000\040\000r\000e\000s\000u\000l\000t\000a\000d\000o\000s}{section.9}% 53
\BOOKMARK [2][-]{subsection.9.5}{\376\377\000D\000i\000s\000e\000\361\000o\000\040\000d\000e\000l\000\040\000p\000i\000l\000o\000t\000o}{section.9}% 54
\BOOKMARK [2][-]{subsection.9.6}{\376\377\000P\000r\000i\000v\000a\000c\000i\000d\000a\000d\000,\000\040\000i\000m\000a\000g\000e\000n\000\040\000y\000\040\000p\000r\000o\000p\000i\000e\000d\000a\000d\000\040\000i\000n\000t\000e\000l\000e\000c\000t\000u\000a\000l}{section.9}% 55
\BOOKMARK [2][-]{subsection.9.7}{\376\377\000D\000e\000c\000l\000a\000r\000a\000c\000i\000\363\000n\000\040\000d\000e\000l\000\040\000e\000s\000t\000a\000d\000o\000\040\000d\000e\000l\000\040\000p\000r\000o\000y\000e\000c\000t\000o}{section.9}% 56
\BOOKMARK [1][-]{section.10}{\376\377\000C\000o\000n\000c\000l\000u\000s\000i\000o\000n\000e\000s\000\040\000y\000\040\000r\000e\000c\000o\000m\000e\000n\000d\000a\000c\000i\000o\000n\000e\000s}{}% 57
\BOOKMARK [1][-]{section.11}{\376\377\000D\000e\000c\000l\000a\000r\000a\000c\000i\000\363\000n\000\040\000s\000o\000b\000r\000e\000\040\000a\000p\000o\000y\000o\000\040\000t\000\351\000c\000n\000i\000c\000o}{}% 58
\BOOKMARK [1][-]{appendix.Alph1}{\376\377\000A\000p\000\351\000n\000d\000i\000c\000e\000s}{}% 59
\BOOKMARK [2][-]{subsection.Alph1.1}{\376\377\000M\000o\000d\000e\000l\000o\000\040\000C\000a\000n\000v\000a\000s}{appendix.Alph1}% 60
\BOOKMARK [2][-]{subsection.Alph1.2}{\376\377\000R\000u\000t\000a\000\040\000c\000o\000m\000e\000r\000c\000i\000a\000l\000\040\000p\000r\000o\000p\000u\000e\000s\000t\000a}{appendix.Alph1}% 61
\BOOKMARK [2][-]{subsection.Alph1.3}{\376\377\000I\000n\000s\000t\000r\000u\000m\000e\000n\000t\000o\000\040\000d\000e\000\040\000v\000a\000l\000i\000d\000a\000c\000i\000\363\000n}{appendix.Alph1}% 62
\BOOKMARK [2][-]{subsection.Alph1.4}{\376\377\000L\000i\000m\000i\000t\000a\000c\000i\000o\000n\000e\000s\000\040\000m\000e\000t\000o\000d\000o\000l\000\363\000g\000i\000c\000a\000s\000\040\000d\000e\000\040\000l\000a\000\040\000e\000n\000c\000u\000e\000s\000t\000a}{appendix.Alph1}% 63
\BOOKMARK [2][-]{subsection.Alph1.5}{\376\377\000E\000v\000i\000d\000e\000n\000c\000i\000a\000\040\000t\000\351\000c\000n\000i\000c\000a\000\040\000d\000i\000s\000p\000o\000n\000i\000b\000l\000e}{appendix.Alph1}% 64
\BOOKMARK [2][-]{subsection.Alph1.6}{\376\377\000P\000r\000e\000s\000u\000p\000u\000e\000s\000t\000o\000\040\000o\000p\000e\000r\000a\000t\000i\000v\000o\000\040\000p\000r\000e\000l\000i\000m\000i\000n\000a\000r}{appendix.Alph1}% 65
\BOOKMARK [2][-]{subsection.Alph1.7}{\376\377\000R\000e\000f\000e\000r\000e\000n\000c\000i\000a\000s\000\040\000d\000e\000\040\000d\000e\000s\000p\000l\000i\000e\000g\000u\000e\000\040\000d\000e\000m\000o\000s\000t\000r\000a\000t\000i\000v\000o}{appendix.Alph1}% 66
